{"elt_id": "texts", "previous": [], "html": "<div class=\"panel panel-default texts\" id=\"texts\"><div class=\"panel-heading\"><span data-toggle=\"collapse\" href=\"#collapse-texts\">texts<a data-comment-name=\"texts:_comment\" class=\"btn-comment\" title=\"Add comment\"></a></span></div><div class=\"panel-body panel-collapse collapse in\" id=\"collapse-texts\"><div class=\"list-container\"><a class=\"btn-add btn-add-text btn-list\" data-elt-id=\"texts:list__text:0:text\">New text</a><div class=\"panel panel-default text\" id=\"texts:list__text:0:text\"><div class=\"panel-heading\"><span data-toggle=\"collapse\" href=\"#collapse-texts\\:list__text\\:0\\:text\">text<a class=\"btn-delete btn-list\" data-target=\"#texts:list__text:0:text\" title=\"Delete\"></a><a data-comment-name=\"texts:list__text:0:text:_comment\" class=\"btn-comment\" title=\"Add comment\"></a></span></div><div class=\"panel-body panel-collapse collapse in\" id=\"collapse-texts:list__text:0:text\"><div id=\"texts:list__text:0:text:subtext\" class=\"xt-container-subtext\"><label>subtext</label><span class=\"btn-external-editor\" ng-click=\"externalEditor(this)\"></span><a data-comment-name=\"texts:list__text:0:text:subtext:_comment\" class=\"btn-comment\" title=\"Add comment\"></a><textarea class=\"form-control subtext\" name=\"texts:list__text:0:text:subtext:_value\" rows=\"1\">Hello</textarea></div></div></div><a class=\"btn-add btn-add-text btn-list\" data-elt-id=\"texts:list__text:1:text\">New text</a><div class=\"panel panel-default text\" id=\"texts:list__text:1:text\"><div class=\"panel-heading\"><span data-toggle=\"collapse\" href=\"#collapse-texts\\:list__text\\:1\\:text\">text<a class=\"btn-delete btn-list\" data-target=\"#texts:list__text:1:text\" title=\"Delete\"></a><a data-comment-name=\"texts:list__text:1:text:_comment\" class=\"btn-comment\" title=\"Add comment\"></a></span></div><div class=\"panel-body panel-collapse collapse in\" id=\"collapse-texts:list__text:1:text\"><div id=\"texts:list__text:1:text:subtext\" class=\"xt-container-subtext\"><label>subtext</label><span class=\"btn-external-editor\" ng-click=\"externalEditor(this)\"></span><a data-comment-name=\"texts:list__text:1:text:subtext:_comment\" class=\"btn-comment\" title=\"Add comment\"></a><textarea class=\"form-control subtext\" name=\"texts:list__text:1:text:subtext:_value\" rows=\"1\">World</textarea></div></div></div><a class=\"btn-add btn-add-text btn-list\" data-elt-id=\"texts:list__text:2:text\">New text</a></div></div></div>", "jstree_data": {"text": "texts", "state": {"opened": true}, "a_attr": {"id": "tree_texts"}, "children": [{"text": "text", "state": {"opened": true}, "a_attr": {"id": "tree_texts:list__text:0:text"}, "children": [{"text": "subtext <span class=\"_tree_text\">(Hello)</span>", "state": {"opened": true}, "a_attr": {"id": "tree_texts:list__text:0:text:subtext"}, "children": [], "li_attr": {"class": "tree_texts:list__text:0:text:subtext subtext"}}], "li_attr": {"class": "tree_texts:list__text text"}}, {"text": "text", "state": {"opened": true}, "a_attr": {"id": "tree_texts:list__text:1:text"}, "children": [{"text": "subtext <span class=\"_tree_text\">(World)</span>", "state": {"opened": true}, "a_attr": {"id": "tree_texts:list__text:1:text:subtext"}, "children": [], "li_attr": {"class": "tree_texts:list__text:1:text:subtext subtext"}}], "li_attr": {"class": "tree_texts:list__text text"}}], "li_attr": {"class": "tree_texts texts"}}}